0 verbose cli C:\Users\86159\Downloads\HBuilderX.4.36.2024112817\HBuilderX\plugins\node\node.exe C:\Users\86159\Downloads\HBuilderX.4.36.2024112817\HBuilderX\plugins\npm\node_modules\npm\bin\npm-cli.js
1 info using npm@10.5.0
2 info using node@v18.20.0
3 timing npm:load:whichnode Completed in 2ms
4 timing config:load:defaults Completed in 2ms
5 timing config:load:file:C:\Users\86159\Downloads\HBuilderX.4.36.2024112817\HBuilderX\plugins\npm\node_modules\npm\npmrc Completed in 2ms
6 timing config:load:builtin Completed in 2ms
7 timing config:load:cli Completed in 1ms
8 timing config:load:env Completed in 0ms
9 timing config:load:file:D:\毕设\项目\campus\Compus\uniCloud-aliyun\cloudfunctions\addTask\.npmrc Completed in 1ms
10 timing config:load:project Completed in 4ms
11 timing config:load:file:C:\Users\86159\.npmrc Completed in 1ms
12 timing config:load:user Completed in 1ms
13 timing config:load:file:D:\毕设\项目\campus\Compus\uniCloud-aliyun\cloudfunctions\addTask\path\etc\npmrc Completed in 0ms
14 timing config:load:global Completed in 0ms
15 timing config:load:setEnvs Completed in 1ms
16 timing config:load Completed in 11ms
17 timing npm:load:configload Completed in 11ms
18 timing config:load:flatten Completed in 1ms
19 timing npm:load:mkdirpcache Completed in 1ms
20 timing npm:load:mkdirplogs Completed in 0ms
21 verbose title npm ls
22 verbose argv "ls"
23 timing npm:load:setTitle Completed in 1ms
24 timing npm:load:display Completed in 1ms
25 verbose logfile logs-max:10 dir:D:\毕设\项目\campus\Compus\uniCloud-aliyun\cloudfunctions\addTask\path\_logs\2025-06-19T00_13_56_562Z-
26 verbose logfile D:\毕设\项目\campus\Compus\uniCloud-aliyun\cloudfunctions\addTask\path\_logs\2025-06-19T00_13_56_562Z-debug-0.log
27 timing npm:load:logFile Completed in 6ms
28 timing npm:load:timers Completed in 0ms
29 timing npm:load:configScope Completed in 1ms
30 timing npm:load Completed in 44ms
31 timing arborist:ctor Completed in 0ms
32 silly logfile done cleaning log files
33 timing command:ls Completed in 325ms
34 verbose exit 0
35 timing npm Completed in 435ms
36 info ok
